<math xmlns="http://www.w3.org/1998/Math/MathML" display="block" alttext="StartRoot 3 EndRoot plus StartFraction a plus 1 Over b minus 2 EndFraction"><semantics><mrow data-semantic-type="infixop" data-semantic-role="addition" data-semantic-id="12" data-semantic-children="1,11" data-semantic-content="2" data-semantic-speech="StartRoot 3 EndRoot plus StartFraction a plus 1 Over b minus 2 EndFraction"><mrow class="MJX-TeXAtom-ORD"><msqrt data-semantic-type="sqrt" data-semantic-role="unknown" data-semantic-id="1" data-semantic-children="0" data-semantic-parent="12"><mn data-semantic-type="number" data-semantic-role="integer" data-semantic-font="normal" data-semantic-id="0" data-semantic-parent="1">3</mn></msqrt></mrow><mo data-semantic-type="operator" data-semantic-role="addition" data-semantic-id="2" data-semantic-parent="12" data-semantic-operator="infixop,+">+</mo><mrow class="MJX-TeXAtom-ORD"><mfrac data-semantic-type="fraction" data-semantic-role="division" data-semantic-id="11" data-semantic-children="6,10" data-semantic-parent="12"><mrow data-semantic-type="infixop" data-semantic-role="addition" data-semantic-id="6" data-semantic-children="3,5" data-semantic-content="4" data-semantic-parent="11"><mi data-semantic-type="identifier" data-semantic-role="latinletter" data-semantic-font="italic" data-semantic-id="3" data-semantic-parent="6">a</mi><mo data-semantic-type="operator" data-semantic-role="addition" data-semantic-id="4" data-semantic-parent="6" data-semantic-operator="infixop,+">+</mo><mn data-semantic-type="number" data-semantic-role="integer" data-semantic-font="normal" data-semantic-id="5" data-semantic-parent="6">1</mn></mrow><mrow data-semantic-type="infixop" data-semantic-role="subtraction" data-semantic-id="10" data-semantic-children="7,9" data-semantic-content="8" data-semantic-parent="11"><mi data-semantic-type="identifier" data-semantic-role="latinletter" data-semantic-font="italic" data-semantic-id="7" data-semantic-parent="10">b</mi><mo data-semantic-type="operator" data-semantic-role="subtraction" data-semantic-id="8" data-semantic-parent="10" data-semantic-operator="infixop,−">−<!-- − --></mo><mn data-semantic-type="number" data-semantic-role="integer" data-semantic-font="normal" data-semantic-id="9" data-semantic-parent="10">2</mn></mrow></mfrac></mrow></mrow><annotation encoding="application/x-tex">{\sqrt {3}}+{\frac {a+1}{b-2}}</annotation></semantics></math>