<math xmlns="http://www.w3.org/1998/Math/MathML" id="M1" name="1472-6882-13-118-i1" overflow="scroll" alttext="percent-sign i n h i b i t i o n equals StartFraction upper A b s Subscript c o n t r o l Baseline minus upper A b s Subscript e x t r a c t Baseline Over upper A b s Subscript c o n t r o l Baseline EndFraction times 100"><mrow data-semantic-type="punctuated" data-semantic-role="startpunct" data-semantic-id="19" data-semantic-children="0,18" data-semantic-content="0" data-semantic-speech="percent-sign i n h i b i t i o n equals StartFraction upper A b s Subscript c o n t r o l Baseline minus upper A b s Subscript e x t r a c t Baseline Over upper A b s Subscript c o n t r o l Baseline EndFraction times 100"><mi data-semantic-type="punctuation" data-semantic-role="unknown" data-semantic-id="0" data-semantic-parent="19" data-semantic-operator="punctuated">%</mi><mspace width="0.36em"/><mrow data-semantic-type="relseq" data-semantic-role="equality" data-semantic-id="18" data-semantic-children="1,17" data-semantic-content="2" data-semantic-parent="19"><mi mathvariant="normal" data-semantic-type="identifier" data-semantic-role="unknown" data-semantic-font="normal" data-semantic-id="1" data-semantic-parent="18">inhibition</mi><mo data-semantic-type="relation" data-semantic-role="equality" data-semantic-id="2" data-semantic-parent="18" data-semantic-operator="relseq,=">=</mo><mrow data-semantic-type="infixop" data-semantic-role="unknown" data-semantic-id="17" data-semantic-children="14,16" data-semantic-content="15" data-semantic-parent="18"><mfrac data-semantic-type="fraction" data-semantic-role="division" data-semantic-id="14" data-semantic-children="10,13" data-semantic-parent="17"><mrow data-semantic-type="infixop" data-semantic-role="subtraction" data-semantic-id="10" data-semantic-children="5,9" data-semantic-content="6" data-semantic-parent="14"><msub data-semantic-type="subscript" data-semantic-role="unknown" data-semantic-id="5" data-semantic-children="3,4" data-semantic-parent="10"><mi mathvariant="normal" data-semantic-type="identifier" data-semantic-role="unknown" data-semantic-font="normal" data-semantic-id="3" data-semantic-parent="5">Abs</mi><mi mathvariant="normal" data-semantic-type="identifier" data-semantic-role="unknown" data-semantic-font="normal" data-semantic-id="4" data-semantic-parent="5">control</mi></msub><mo data-semantic-type="operator" data-semantic-role="subtraction" data-semantic-id="6" data-semantic-parent="10" data-semantic-operator="infixop,−">−</mo><msub data-semantic-type="subscript" data-semantic-role="unknown" data-semantic-id="9" data-semantic-children="7,8" data-semantic-parent="10"><mi mathvariant="normal" data-semantic-type="identifier" data-semantic-role="unknown" data-semantic-font="normal" data-semantic-id="7" data-semantic-parent="9">Abs</mi><mi mathvariant="normal" data-semantic-type="identifier" data-semantic-role="unknown" data-semantic-font="normal" data-semantic-id="8" data-semantic-parent="9">extract</mi></msub></mrow><msub data-semantic-type="subscript" data-semantic-role="unknown" data-semantic-id="13" data-semantic-children="11,12" data-semantic-parent="14"><mi mathvariant="normal" data-semantic-type="identifier" data-semantic-role="unknown" data-semantic-font="normal" data-semantic-id="11" data-semantic-parent="13">Abs</mi><mi mathvariant="normal" data-semantic-type="identifier" data-semantic-role="unknown" data-semantic-font="normal" data-semantic-id="12" data-semantic-parent="13">control</mi></msub></mfrac><mo data-semantic-type="operator" data-semantic-role="unknown" data-semantic-id="15" data-semantic-parent="17" data-semantic-operator="infixop,×">×</mo><mn data-semantic-type="number" data-semantic-role="integer" data-semantic-font="normal" data-semantic-id="16" data-semantic-parent="17">100</mn></mrow></mrow></mrow></math>